// Jest Snapshot v1, https://goo.gl/fbAQLP

exports[`StyledBasicUtils should be matched snapshot 1`] = `null`;
