// Jest Snapshot v1, https://goo.gl/fbAQLP

exports[`getStyledComponentsClassName should be match snapshot 1`] = `
<div
  className="bjKhmM"
>
  foo
</div>
`;
